C:\Users\superman\Desktop\SpaceInvaders\SpaceInvaders\implementation\system.ngc 1481219226
C:/Users/superman/Desktop/SpaceInvaders/SpaceInvaders/implementation/push_buttons_5bits_wrapper.ngc 1481219165
C:/Users/superman/Desktop/SpaceInvaders/SpaceInvaders/implementation/dip_switches_8bits_wrapper.ngc 1481219183
C:/Users/superman/Desktop/SpaceInvaders/SpaceInvaders/implementation/rs232_uart_1_wrapper.ngc 1481219156
C:/Users/superman/Desktop/SpaceInvaders/SpaceInvaders/implementation/proc_sys_reset_0_wrapper.ngc 1481219051
C:/Users/superman/Desktop/SpaceInvaders/SpaceInvaders/implementation/clock_generator_0_wrapper.ngc 1481219210
C:/Users/superman/Desktop/SpaceInvaders/SpaceInvaders/implementation/microblaze_0_ilmb_wrapper.ngc 1481219202
C:/Users/superman/Desktop/SpaceInvaders/SpaceInvaders/implementation/microblaze_0_dlmb_wrapper.ngc 1481219204
C:/Users/superman/Desktop/SpaceInvaders/SpaceInvaders/implementation/axi4lite_0_wrapper.ngc 1481219213
C:/Users/superman/Desktop/SpaceInvaders/SpaceInvaders/implementation/microblaze_0_wrapper.ngc 1481219207
C:/Users/superman/Desktop/SpaceInvaders/SpaceInvaders/implementation/microblaze_0_intc_wrapper.ngc 1481219058
C:/Users/superman/Desktop/SpaceInvaders/SpaceInvaders/implementation/microblaze_0_i_bram_ctrl_wrapper.ngc 1481219067
C:/Users/superman/Desktop/SpaceInvaders/SpaceInvaders/implementation/microblaze_0_d_bram_ctrl_wrapper.ngc 1481219076
C:/Users/superman/Desktop/SpaceInvaders/SpaceInvaders/implementation/debug_module_wrapper.ngc 1481219134
C:/Users/superman/Desktop/SpaceInvaders/SpaceInvaders/implementation/leds_8bits_wrapper.ngc 1481219174
C:/Users/superman/Desktop/SpaceInvaders/SpaceInvaders/implementation/fit_timer_0_wrapper.ngc 1481219188
C:/Users/superman/Desktop/SpaceInvaders/SpaceInvaders/implementation/dmacontroller_0_wrapper.ngc 1481219198
C:/Users/superman/Desktop/SpaceInvaders/SpaceInvaders/implementation/microblaze_0_bram_block_wrapper.ngc 1481219081
OK
