C:\Users\superman\Desktop\SpaceInvaders\implementation\system.ngc 1473542710
C:/Users/superman/Desktop/SpaceInvaders/implementation/push_buttons_5bits_wrapper.ngc 1473542684
C:/Users/superman/Desktop/SpaceInvaders/implementation/dip_switches_8bits_wrapper.ngc 1473542684
C:/Users/superman/Desktop/SpaceInvaders/implementation/rs232_uart_1_wrapper.ngc 1473542684
C:/Users/superman/Desktop/SpaceInvaders/implementation/proc_sys_reset_0_wrapper.ngc 1473542684
C:/Users/superman/Desktop/SpaceInvaders/implementation/clock_generator_0_wrapper.ngc 1473542698
C:/Users/superman/Desktop/SpaceInvaders/implementation/microblaze_0_ilmb_wrapper.ngc 1473542684
C:/Users/superman/Desktop/SpaceInvaders/implementation/microblaze_0_dlmb_wrapper.ngc 1473542684
C:/Users/superman/Desktop/SpaceInvaders/implementation/axi4lite_0_wrapper.ngc 1473542684
C:/Users/superman/Desktop/SpaceInvaders/implementation/microblaze_0_wrapper.ngc 1473542684
C:/Users/superman/Desktop/SpaceInvaders/implementation/microblaze_0_intc_wrapper.ngc 1473542684
C:/Users/superman/Desktop/SpaceInvaders/implementation/microblaze_0_i_bram_ctrl_wrapper.ngc 1473542684
C:/Users/superman/Desktop/SpaceInvaders/implementation/microblaze_0_d_bram_ctrl_wrapper.ngc 1473542684
C:/Users/superman/Desktop/SpaceInvaders/implementation/debug_module_wrapper.ngc 1473542684
C:/Users/superman/Desktop/SpaceInvaders/implementation/leds_8bits_wrapper.ngc 1473542684
C:/Users/superman/Desktop/SpaceInvaders/implementation/fit_timer_0_wrapper.ngc 1473542695
C:/Users/superman/Desktop/SpaceInvaders/implementation/microblaze_0_bram_block_wrapper.ngc 1473542684
OK
